2019 1
2019 2
2019 3
2019 4
2019 5
2019 6
2019 7
2019 8
2019 9
2019 10
2019 11
2019 12
2019 13
2019 14
2019 15
2019 16
2019 17
2019 18
2019 19
2019 20
2019 21
2019 22
2019 23
2019 24
2019 25
2019 26
2019 27
2019 28
2019 29
2019 30
2019 31
2020 1
2020 2
2020 3
2020 4
2020 5
2020 6
2020 7
2020 8
2020 9
2020 10
2020 11
2020 12
2020 13
2020 14
2020 15
2020 16
2020 17
2020 18
2020 19
2020 20
2021 1
2021 2
2021 3
2021 4
2021 5
2021 6
2021 7
2021 8
2021 9
2021 10
2021 11
2021 12
2021 13
2021 14
2021 15
2021 16
2021 17
2021 18
2021 19
2021 20
2021 21
2021 22
2021 23
2021 24
2021 25
2021 26
2021 27
2021 28
2021 29
2021 30
2021 31
2021 32
2021 33
2021 34
2021 35
2021 36
2021 37
2021 38
2021 39
